(* Generated Mon Dec 29 00:37:31 2014 *)
let sum : nat -> nat -> nat =
  fun (n1:nat) ->
    let rec f2 (n2:nat) : nat =
      match n2 with
        | O -> n1
        | S n3 -> S (f2 n3)
    in
      f2
;;
