(* Generated Wed Dec 31 11:17:18 2014 *)
let fvs : exp -> list =
  let rec f1 (e1:exp) : list =
    match e1 with
      | EBVar n1 -> Nil
      | EFVar i1 -> Cons (i1, Nil)
      | EApp (e2, e3) -> append (f1 e3) (f1 e2)
  in
    f1
;;
