(* Generated Mon Dec 29 00:38:04 2014 *)
let xor : bool -> bool -> bool =
  fun (b1:bool) ->
    fun (b2:bool) ->
      match b1 with
        | True -> (match b2 with
                     | True -> False
                     | False -> True)
        | False -> b2
;;
