(* Generated Mon Dec 29 00:38:04 2014 *)
let neg : bool -> bool =
  fun (b1:bool) -> match b1 with
                     | True -> False
                     | False -> True
;;
