(* Generated Tue Mar  3 15:20:27 2015 *)
let construct_record : nat -> nat -> { x : nat; y : nat } =
  fun (n1:nat) -> fun (n2:nat) -> {x = n1; y = n2}
;;
