(* Generated Tue Mar  3 15:20:27 2015 *)
let swap : { x : nat; y : nat } -> { x : nat; y : nat } =
  fun (r1:{ x : nat; y : nat }) -> {x = r1.y; y = r1.x}
;;
