(* Generated Wed Dec 31 11:19:08 2014 *)
let count_nodes : tree -> nat =
  let rec f1 (t1:tree) : nat =
    match t1 with
      | Leaf -> O
      | Node (t2, n1, t3) -> S (sum (f1 t3) (f1 t2))
  in
    f1
;;
