(* Generated Wed Dec 31 11:16:14 2014 *)
let length : list -> nat =
  let rec f1 (l1:list) : nat =
    match l1 with
      | Nil -> O
      | Cons (n1, l2) -> S (f1 l2)
  in
    f1
;;
