(* Generated Wed Dec 31 11:16:17 2014 *)
let rev : list -> list =
  let rec f1 (l1:list) : list =
    match l1 with
      | Nil -> Nil
      | Cons (n1, l2) -> (match l2 with
                            | Nil -> l1
                            | Cons (n2, l3) -> snoc (snoc (f1 l3) n2) n1)
  in
    f1
;;
