(* Generated Mon Dec 29 00:37:32 2014 *)
let div2 : nat -> nat =
  let rec f1 (n1:nat) : nat =
    match n1 with
      | O -> O
      | S n2 -> (match n2 with
                   | O -> O
                   | S n3 -> S (f1 n3))
  in
    f1
;;
