(* Generated Mon Dec 29 00:37:32 2014 *)
let max : nat -> nat -> nat =
  let rec f1 (n1:nat) : nat -> nat =
    fun (n2:nat) ->
      match n1 with
        | O -> n2
        | S n3 -> (match n2 with
                     | O -> n1
                     | S n4 -> S (f1 n3 n4))
  in
    f1
;;
