(* Generated Wed Dec 31 11:16:12 2014 *)
let map_use : list -> list =
  fun (l1:list) -> map l1 (fun (n1:nat) -> S n1)
;;
