(* Generated Wed Dec 31 11:16:14 2014 *)
let pairwise_swap : list -> list =
  fun (l1:list) ->
    match l1 with
      | Nil -> Nil
      | Cons (n1, l2) -> (match is_even (length l1) with
                            | True -> append l2 Cons (n1, Nil)
                            | False -> Nil)
;;
