(* Generated Wed Dec 31 11:16:14 2014 *)
let take : nat -> list -> list =
  let rec f1 (n1:nat) : list -> list =
    fun (l1:list) ->
      match n1 with
        | O -> Nil
        | S n2 -> (match l1 with
                     | Nil -> Nil
                     | Cons (n3, l2) -> Cons (n3, f1 n2 l2))
  in
    f1
;;
