(* Generated Wed Dec 31 14:27:29 2014 *)
let unzip : pairlist -> list * list =
  let rec f1 (p1:pairlist) : list * list =
    match p1 with
      | PNil -> (Nil, Nil)
      | PCons ((b1, b2), p2) -> (Cons (b1, #1 (f1 p2)),
                                  Cons (b2, #2 (f1 p2)))
  in
    f1
;;
